5, 5, 5

NomalTile, 0, 0, 0
NomalTile, 1, 0, 0
NomalTile, 2, 0, 0
NomalTile, 3, 0, 0
NomalTile, 4, 0, 0
NomalTile, 5, 0, 0
NomalTile, 5, 0, 1
NomalTile, 5, 0, 2
NomalTile, 5, 0, 3
NomalTile, 5, 0, 4
NomalTile, 5, 0, 5
NomalTile, 4, 0, 5
NomalTile, 3, 0, 5
NomalTile, 2, 0, 5
NomalTile, 1, 0, 5
NomalTile, 0, 0, 5
NomalTile, 0, 0, 4
NomalTile, 0, 0, 3
NomalTile, 0, 0, 2
NomalTile, 0, 0, 1
NomalTile, 0, 1, 5
NomalTile, 0, 2, 5
NomalTile, 0, 3, 5
NomalTile, 0, 4, 5
NomalTile, 0, 5, 5
NomalTile, 5, 5, 5
NomalTile, 5, 4, 5
NomalTile, 5, 3, 5
NomalTile, 5, 2, 5
NomalTile, 5, 1, 5
NomalTile, 5, 1, 0
NomalTile, 5, 2, 0
NomalTile, 5, 4, 0
NomalTile, 5, 5, 0
NomalTile, 5, 3, 0
NomalTile, 0, 3, 0
NomalTile, 0, 4, 0
NomalTile, 0, 5, 0
NomalTile, 0, 1, 0
NomalTile, 0, 2, 0
NomalTile, 1, 5, 1
NomalTile, 2, 5, 1
NomalTile, 3, 5, 1
NomalTile, 4, 5, 1
NomalTile, 4, 5, 2
NomalTile, 4, 5, 3
NomalTile, 4, 5, 4
NomalTile, 3, 5, 4
NomalTile, 2, 5, 4
NomalTile, 1, 5, 4
NomalTile, 1, 5, 3
NomalTile, 1, 5, 2
NomalTile, 2, 0, 3
NomalTile, 3, 0, 3
NomalTile, 3, 0, 2
NomalTile, 2, 0, 2
NomalTile, 2, 2, 2
NomalTile, 2, 3, 2
NomalTile, 3, 3, 2
NomalTile, 3, 3, 3
NomalTile, 2, 3, 3
NomalTile, 3, 2, 2
NomalTile, 3, 2, 3
NomalTile, 2, 2, 3
